Γû▓ Next.js 16.2.6 (Turbopack)
- Environments: .env.local

npx : ΓÜá The "middleware" file convention is deprecated. Please use "proxy" instead. Learn more: 
https://nextjs.org/docs/messages/middleware-to-proxy
At line:1 char:62
+ ... \.kimi_openclaw\workspace\dunning-tool" ; npx next build 2>&1 | Tee-O ...
+                                               ~~~~~~~~~~~~~~~~~~~
    + CategoryInfo          : NotSpecified: (ΓÜá The "middle...leware-to-proxy:String) [], RemoteException
    + FullyQualifiedErrorId : NativeCommandError
 
  Creating an optimized production build ...
Γ£ô Compiled successfully in 4.0s
  Running TypeScript ...
  Finished TypeScript in 4.3s ...
  Collecting page data using 7 workers ...
  Generating static pages using 7 workers (0/13) ...
  Generating static pages using 7 workers (3/13) 
  Generating static pages using 7 workers (6/13) 
  Generating static pages using 7 workers (9/13) 
Γ£ô Generating static pages using 7 workers (13/13) in 288ms
  Finalizing page optimization ...

Route (app)
Γöî Γùï /
Γö£ Γùï /_not-found
Γö£ ╞Æ /api/analytics
Γö£ ╞Æ /api/auth/callback
Γö£ ╞Æ /api/failed-payments
Γö£ ╞Æ /api/failed-payments/[id]
Γö£ ╞Æ /api/failed-payments/[id]/send-email
Γö£ ╞Æ /api/settings
Γö£ ╞Æ /api/stripe/validate
Γö£ ╞Æ /api/webhooks/stripe
Γö£ Γùï /dashboard
Γö£ Γùï /dashboard/settings
Γöö Γùï /onboarding


╞Æ Proxy (Middleware)

Γùï  (Static)   prerendered as static content
╞Æ  (Dynamic)  server-rendered on demand

